Starting Topology Optimization Benchmark
Results will be saved to: top_opt_results_2025-08-26_20-35-57.txt
Build artifacts found. Skipping build.
Running with 64 threads...
./run_benchmark.sh: line 39: 3855499 Killed                  "$BENCHMARK_EXE" -n "sam with solver benchmark" -x "$MATRIX_DIR" -y "$RHS_DIR" -k "$K" -t "$THREAD" >> "$OUTPUT_FILE"
Starting Topology Optimization Benchmark
Results will be saved to: top_opt_results_2025-08-26_20-41-16.txt
Building SAM HPC...
-- The CXX compiler identification is Clang 18.1.8
-- Detecting CXX compiler ABI info
-- Detecting CXX compiler ABI info - done
-- Check for working CXX compiler: /usr/bin/clang++-18 - skipped
-- Detecting CXX compile features
-- Detecting CXX compile features - done
-- C++ Standard: 20
-- Build Type: Release
-- Performing Test CMAKE_HAVE_LIBC_PTHREAD
-- Performing Test CMAKE_HAVE_LIBC_PTHREAD - Success
-- Found Threads: TRUE
-- Skipping tests
-- Building benchmarks
-- Configuring done (0.8s)
-- Generating done (0.0s)
-- Build files have been written to: /home/mds222/SAM-HPC/build
[ 10%] Building CXX object benchmarks/CMakeFiles/top_opt_bench.dir/topology_benchmark.cpp.o
In file included from /home/mds222/SAM-HPC/benchmarks/topology_benchmark.cpp:1:
In file included from /home/mds222/SAM-HPC/tools/../tools/include/config.hpp:3:
In file included from /usr/bin/../lib/gcc/x86_64-linux-gnu/13/../../../../include/c++/13/iostream:41:
In file included from /usr/bin/../lib/gcc/x86_64-linux-gnu/13/../../../../include/c++/13/ostream:40:
In file included from /usr/bin/../lib/gcc/x86_64-linux-gnu/13/../../../../include/c++/13/ios:42:
In file included from /usr/bin/../lib/gcc/x86_64-linux-gnu/13/../../../../include/c++/13/bits/char_traits.h:57:
/usr/bin/../lib/gcc/x86_64-linux-gnu/13/../../../../include/c++/13/bits/stl_construct.h:115:4: error: no matching function for call to 'construct_at'
  115 |           std::construct_at(__p, std::forward<_Args>(__args)...);
      |           ^~~~~~~~~~~~~~~~~
/usr/bin/../lib/gcc/x86_64-linux-gnu/13/../../../../include/c++/13/bits/alloc_traits.h:660:9: note: in instantiation of function template specialization 'std::_Construct<CSRMatrix<double>, const unsigned long &, const unsigned long &, std::vector<unsigned long> &, std::vector<unsigned long> &, std::vector<double> &>' requested here
  660 |         { std::_Construct(__p, std::forward<_Args>(__args)...); }
      |                ^
/usr/bin/../lib/gcc/x86_64-linux-gnu/13/../../../../include/c++/13/bits/shared_ptr_base.h:604:30: note: in instantiation of function template specialization 'std::allocator_traits<std::allocator<void>>::construct<CSRMatrix<double>, const unsigned long &, const unsigned long &, std::vector<unsigned long> &, std::vector<unsigned long> &, std::vector<double> &>' requested here
  604 |           allocator_traits<_Alloc>::construct(__a, _M_ptr(),
      |                                     ^
/usr/bin/../lib/gcc/x86_64-linux-gnu/13/../../../../include/c++/13/bits/shared_ptr_base.h:972:6: note: in instantiation of function template specialization 'std::_Sp_counted_ptr_inplace<CSRMatrix<double>, std::allocator<void>, __gnu_cxx::_S_atomic>::_Sp_counted_ptr_inplace<const unsigned long &, const unsigned long &, std::vector<unsigned long> &, std::vector<unsigned long> &, std::vector<double> &>' requested here
  972 |             _Sp_cp_type(__a._M_a, std::forward<_Args>(__args)...);
      |             ^
/usr/bin/../lib/gcc/x86_64-linux-gnu/13/../../../../include/c++/13/bits/shared_ptr_base.h:1712:14: note: in instantiation of function template specialization 'std::__shared_count<>::__shared_count<CSRMatrix<double>, std::allocator<void>, const unsigned long &, const unsigned long &, std::vector<unsigned long> &, std::vector<unsigned long> &, std::vector<double> &>' requested here
 1712 |         : _M_ptr(), _M_refcount(_M_ptr, __tag, std::forward<_Args>(__args)...)
      |                     ^
/usr/bin/../lib/gcc/x86_64-linux-gnu/13/../../../../include/c++/13/bits/shared_ptr.h:464:4: note: in instantiation of function template specialization 'std::__shared_ptr<CSRMatrix<double>>::__shared_ptr<std::allocator<void>, const unsigned long &, const unsigned long &, std::vector<unsigned long> &, std::vector<unsigned long> &, std::vector<double> &>' requested here
  464 |         : __shared_ptr<_Tp>(__tag, std::forward<_Args>(__args)...)
      |           ^
/usr/bin/../lib/gcc/x86_64-linux-gnu/13/../../../../include/c++/13/bits/shared_ptr.h:1009:14: note: in instantiation of function template specialization 'std::shared_ptr<CSRMatrix<double>>::shared_ptr<std::allocator<void>, const unsigned long &, const unsigned long &, std::vector<unsigned long> &, std::vector<unsigned long> &, std::vector<double> &>' requested here
 1009 |       return shared_ptr<_Tp>(_Sp_alloc_shared_tag<_Alloc>{__a},
      |              ^
/home/mds222/SAM-HPC/relaxation/../relaxation/include/iluk.hpp:98:22: note: in instantiation of function template specialization 'std::make_shared<CSRMatrix<double>, const unsigned long &, const unsigned long &, std::vector<unsigned long> &, std::vector<unsigned long> &, std::vector<double> &>' requested here
   98 |                 std::make_shared<CSRMatrix<T>>(n, n, Lptr, Lcol, Lval),
      |                      ^
/home/mds222/SAM-HPC/benchmarks/topology_benchmark.cpp:141:18: note: in instantiation of member function 'iluk<double>::iluk' requested here
  141 |     iluk<double> P_40(targetMatrix, ilu_prm);
      |                  ^
/usr/bin/../lib/gcc/x86_64-linux-gnu/13/../../../../include/c++/13/bits/stl_construct.h:94:5: note: candidate template ignored: substitution failure [with _Tp = CSRMatrix<double>, _Args = <const unsigned long &, const unsigned long &, std::vector<unsigned long> &, std::vector<unsigned long> &, std::vector<double> &>]: no matching constructor for initialization of 'CSRMatrix<double>'
   94 |     construct_at(_Tp* __location, _Args&&... __args)
      |     ^
   95 |     noexcept(noexcept(::new((void*)0) _Tp(std::declval<_Args>()...)))
   96 |     -> decltype(::new((void*)0) _Tp(std::declval<_Args>()...))
      |                                 ~~~
/usr/bin/../lib/gcc/x86_64-linux-gnu/13/../../../../include/c++/13/bits/stl_construct.h:119:25: error: no matching constructor for initialization of 'CSRMatrix<double>'
  119 |       ::new((void*)__p) _Tp(std::forward<_Args>(__args)...);
      |                         ^   ~~~~~~~~~~~~~~~~~~~~~~~~~~~
/home/mds222/SAM-HPC/csr_matrix/../csr_matrix/include/CSRMatrix.hpp:36:5: note: candidate constructor not viable: no known conversion from 'vector<unsigned long, allocator<unsigned long>>' to 'const vector<double, allocator<double>>' for 3rd argument
   36 |     CSRMatrix(const size_t m, const size_t n, const std::vector<T> &vals,
      |     ^                                         ~~~~~~~~~~~~~~~~~~~~~~~~~~
/home/mds222/SAM-HPC/csr_matrix/../csr_matrix/include/CSRMatrix.hpp:84:5: note: candidate constructor not viable: no known conversion from 'std::vector<unsigned long>' to 'const double *' for 3rd argument
   84 |     CSRMatrix(const size_t m, const size_t n, const T *vals, const size_t *row_pointers,
      |     ^                                         ~~~~~~~~~~~~~
/home/mds222/SAM-HPC/csr_matrix/../csr_matrix/include/CSRMatrix.hpp:177:5: note: candidate constructor not viable: no known conversion from 'vector<unsigned long, allocator<unsigned long>>' to 'vector<double, allocator<double>>' for 3rd argument
  177 |     CSRMatrix(const size_t m, const size_t n, std::vector<T> &&vals,
      |     ^                                         ~~~~~~~~~~~~~~~~~~~~~
/home/mds222/SAM-HPC/csr_matrix/../csr_matrix/include/CSRMatrix.hpp:52:5: note: candidate constructor not viable: requires 6 arguments, but 5 were provided
   52 |     CSRMatrix(const size_t m, const size_t n, const size_t nnz, const std::vector<T> &vals,
      |     ^         ~~~~~~~~~~~~~~~~~~~~~~~~~~~~~~~~~~~~~~~~~~~~~~~~~~~~~~~~~~~~~~~~~~~~~~~~~~~~~
   53 |               const std::vector<size_t> &row_pointers, const std::vector<size_t> &col_indices)
      |               ~~~~~~~~~~~~~~~~~~~~~~~~~~~~~~~~~~~~~~~~~~~~~~~~~~~~~~~~~~~~~~~~~~~~~~~~~~~~~~~
/home/mds222/SAM-HPC/csr_matrix/../csr_matrix/include/CSRMatrix.hpp:97:5: note: candidate constructor not viable: requires 6 arguments, but 5 were provided
   97 |     CSRMatrix(const size_t m, const size_t n, const size_t nnz, const T *vals,
      |     ^         ~~~~~~~~~~~~~~~~~~~~~~~~~~~~~~~~~~~~~~~~~~~~~~~~~~~~~~~~~~~~~~~~
   98 |               const size_t *row_pointers, const size_t *col_indices)
      |               ~~~~~~~~~~~~~~~~~~~~~~~~~~~~~~~~~~~~~~~~~~~~~~~~~~~~~
/home/mds222/SAM-HPC/csr_matrix/../csr_matrix/include/CSRMatrix.hpp:195:5: note: candidate constructor not viable: requires 6 arguments, but 5 were provided
  195 |     CSRMatrix(const size_t m, const size_t n, const size_t nnz, std::vector<T> &&vals,
      |     ^         ~~~~~~~~~~~~~~~~~~~~~~~~~~~~~~~~~~~~~~~~~~~~~~~~~~~~~~~~~~~~~~~~~~~~~~~~
  196 |               std::vector<size_t> &&row_pointers, std::vector<size_t> &&col_indices)
      |               ~~~~~~~~~~~~~~~~~~~~~~~~~~~~~~~~~~~~~~~~~~~~~~~~~~~~~~~~~~~~~~~~~~~~~
/home/mds222/SAM-HPC/csr_matrix/../csr_matrix/include/CSRMatrix.hpp:67:5: note: candidate constructor not viable: requires 3 arguments, but 5 were provided
   67 |     CSRMatrix(const std::vector<T> &vals, const std::vector<size_t> &row_pointers, const std::vector<size_t> &col_indices) {
      |     ^         ~~~~~~~~~~~~~~~~~~~~~~~~~~~~~~~~~~~~~~~~~~~~~~~~~~~~~~~~~~~~~~~~~~~~~~~~~~~~~~~~~~~~~~~~~~~~~~~~~~~~~~~~~~~
/home/mds222/SAM-HPC/csr_matrix/../csr_matrix/include/CSRMatrix.hpp:212:5: note: candidate constructor not viable: requires 3 arguments, but 5 were provided
  212 |     CSRMatrix(std::vector<T> &&vals, std::vector<size_t> &&row_pointers, std::vector<size_t> &&col_indices) {
      |     ^         ~~~~~~~~~~~~~~~~~~~~~~~~~~~~~~~~~~~~~~~~~~~~~~~~~~~~~~~~~~~~~~~~~~~~~~~~~~~~~~~~~~~~~~~~~~~~
/home/mds222/SAM-HPC/csr_matrix/../csr_matrix/include/CSRMatrix.hpp:110:5: note: candidate constructor not viable: requires single argument 'matrix', but 5 arguments were provided
  110 |     CSRMatrix(const std::vector<std::vector<T>> &matrix) : m_rows(matrix.size()), m_cols(matrix.empty() ? 0 : matrix[0].size()) {
      |     ^         ~~~~~~~~~~~~~~~~~~~~~~~~~~~~~~~~~~~~~~~~~
/home/mds222/SAM-HPC/csr_matrix/../csr_matrix/include/CSRMatrix.hpp:151:5: note: candidate constructor not viable: requires single argument 'other', but 5 arguments were provided
  151 |     CSRMatrix(const CSRMatrix<T> &other) {
      |     ^         ~~~~~~~~~~~~~~~~~~~~~~~~~
/home/mds222/SAM-HPC/csr_matrix/../csr_matrix/include/CSRMatrix.hpp:164:5: note: candidate constructor not viable: requires single argument 'other', but 5 arguments were provided
  164 |     CSRMatrix(CSRMatrix<T> &&other) { 
      |     ^         ~~~~~~~~~~~~~~~~~~~~
/home/mds222/SAM-HPC/csr_matrix/../csr_matrix/include/CSRMatrix.hpp:32:5: note: candidate constructor not viable: requires 0 arguments, but 5 were provided
   32 |     CSRMatrix() : m_rows(0), m_cols(0), m_nnz(0) {
      |     ^
2 errors generated.
gmake[2]: *** [benchmarks/CMakeFiles/top_opt_bench.dir/build.make:79: benchmarks/CMakeFiles/top_opt_bench.dir/topology_benchmark.cpp.o] Error 1
gmake[1]: *** [CMakeFiles/Makefile2:387: benchmarks/CMakeFiles/top_opt_bench.dir/all] Error 2
gmake: *** [Makefile:91: all] Error 2
Starting Topology Optimization Benchmark
Results will be saved to: top_opt_results_2025-08-26_20-42-12.txt
Building SAM HPC...
-- The CXX compiler identification is Clang 18.1.8
-- Detecting CXX compiler ABI info
-- Detecting CXX compiler ABI info - done
-- Check for working CXX compiler: /usr/bin/clang++-18 - skipped
-- Detecting CXX compile features
-- Detecting CXX compile features - done
-- C++ Standard: 20
-- Build Type: Release
-- Performing Test CMAKE_HAVE_LIBC_PTHREAD
-- Performing Test CMAKE_HAVE_LIBC_PTHREAD - Success
-- Found Threads: TRUE
-- Skipping tests
-- Building benchmarks
-- Configuring done (0.8s)
-- Generating done (0.0s)
-- Build files have been written to: /home/mds222/SAM-HPC/build
[ 10%] Building CXX object benchmarks/CMakeFiles/top_opt_bench.dir/topology_benchmark.cpp.o
[ 20%] Linking CXX executable top_opt_bench
[ 20%] Built target top_opt_bench
[ 30%] Building CXX object benchmarks/CMakeFiles/weather_bench.dir/weather_benchmark.cpp.o
[ 40%] Linking CXX executable weather_bench
[ 40%] Built target weather_bench
[ 50%] Building CXX object benchmarks/qr_bench/CMakeFiles/qr_bench.dir/run_qr_bench.cpp.o
[ 60%] Linking CXX executable qr_bench
[ 60%] Built target qr_bench
[ 70%] Building CXX object benchmarks/microbench/CMakeFiles/microbench.dir/run_microbench.cpp.o
[ 80%] Linking CXX executable microbench
[ 80%] Built target microbench
[ 90%] Building CXX object benchmarks/microbench/CMakeFiles/threshold_benchmark.dir/run_threshold_benchmark.cpp.o
[100%] Linking CXX executable threshold_benchmark
[100%] Built target threshold_benchmark
Running with 64 threads...
./run_benchmark.sh: line 39: 3857584 Killed                  "$BENCHMARK_EXE" -n "sam with solver benchmark" -x "$MATRIX_DIR" -y "$RHS_DIR" -k "$K" -t "$THREAD" >> "$OUTPUT_FILE"
Starting Topology Optimization Benchmark
Results will be saved to: top_opt_results_2025-08-26_20-49-54.txt
Building SAM HPC...
-- The CXX compiler identification is Clang 18.1.8
-- Detecting CXX compiler ABI info
-- Detecting CXX compiler ABI info - done
-- Check for working CXX compiler: /usr/bin/clang++-18 - skipped
-- Detecting CXX compile features
-- Detecting CXX compile features - done
-- C++ Standard: 20
-- Build Type: Release
-- Performing Test CMAKE_HAVE_LIBC_PTHREAD
-- Performing Test CMAKE_HAVE_LIBC_PTHREAD - Success
-- Found Threads: TRUE
-- Skipping tests
-- Building benchmarks
-- Configuring done (0.8s)
-- Generating done (0.0s)
-- Build files have been written to: /home/mds222/SAM-HPC/build
[ 10%] Building CXX object benchmarks/CMakeFiles/top_opt_bench.dir/topology_benchmark.cpp.o
[ 20%] Linking CXX executable top_opt_bench
[ 20%] Built target top_opt_bench
[ 30%] Building CXX object benchmarks/CMakeFiles/weather_bench.dir/weather_benchmark.cpp.o
[ 40%] Linking CXX executable weather_bench
[ 40%] Built target weather_bench
[ 50%] Building CXX object benchmarks/qr_bench/CMakeFiles/qr_bench.dir/run_qr_bench.cpp.o
[ 60%] Linking CXX executable qr_bench
[ 60%] Built target qr_bench
[ 70%] Building CXX object benchmarks/microbench/CMakeFiles/microbench.dir/run_microbench.cpp.o
[ 80%] Linking CXX executable microbench
[ 80%] Built target microbench
[ 90%] Building CXX object benchmarks/microbench/CMakeFiles/threshold_benchmark.dir/run_threshold_benchmark.cpp.o
[100%] Linking CXX executable threshold_benchmark
[100%] Built target threshold_benchmark
Running with 64 threads...
./run_benchmark.sh: line 39: 3860137 Killed                  "$BENCHMARK_EXE" -n "sam with solver benchmark" -x "$MATRIX_DIR" -y "$RHS_DIR" -k "$K" -t "$THREAD" >> "$OUTPUT_FILE"
Starting Topology Optimization Benchmark
Results will be saved to: top_opt_results_2025-08-26_20-52-31.txt
Building SAM HPC...
-- The CXX compiler identification is Clang 18.1.8
-- Detecting CXX compiler ABI info
-- Detecting CXX compiler ABI info - done
-- Check for working CXX compiler: /usr/bin/clang++-18 - skipped
-- Detecting CXX compile features
-- Detecting CXX compile features - done
-- C++ Standard: 20
-- Build Type: Release
-- Performing Test CMAKE_HAVE_LIBC_PTHREAD
-- Performing Test CMAKE_HAVE_LIBC_PTHREAD - Success
-- Found Threads: TRUE
-- Skipping tests
-- Building benchmarks
-- Configuring done (0.8s)
-- Generating done (0.0s)
-- Build files have been written to: /home/mds222/SAM-HPC/build
[ 10%] Building CXX object benchmarks/CMakeFiles/top_opt_bench.dir/topology_benchmark.cpp.o
[ 20%] Linking CXX executable top_opt_bench
[ 20%] Built target top_opt_bench
[ 30%] Building CXX object benchmarks/CMakeFiles/weather_bench.dir/weather_benchmark.cpp.o
[ 40%] Linking CXX executable weather_bench
[ 40%] Built target weather_bench
[ 50%] Building CXX object benchmarks/qr_bench/CMakeFiles/qr_bench.dir/run_qr_bench.cpp.o
[ 60%] Linking CXX executable qr_bench
[ 60%] Built target qr_bench
[ 70%] Building CXX object benchmarks/microbench/CMakeFiles/microbench.dir/run_microbench.cpp.o
[ 80%] Linking CXX executable microbench
[ 80%] Built target microbench
[ 90%] Building CXX object benchmarks/microbench/CMakeFiles/threshold_benchmark.dir/run_threshold_benchmark.cpp.o
[100%] Linking CXX executable threshold_benchmark
[100%] Built target threshold_benchmark
Running with 64 threads...
./run_benchmark.sh: line 39: 3861031 Killed                  "$BENCHMARK_EXE" -n "sam with solver benchmark" -x "$MATRIX_DIR" -y "$RHS_DIR" -k "$K" -t "$THREAD" >> "$OUTPUT_FILE"
Starting Topology Optimization Benchmark
Results will be saved to: top_opt_results_2025-08-26_22-12-01.txt
Building SAM HPC...
-- The CXX compiler identification is Clang 18.1.8
-- Detecting CXX compiler ABI info
-- Detecting CXX compiler ABI info - done
-- Check for working CXX compiler: /usr/bin/clang++-18 - skipped
-- Detecting CXX compile features
-- Detecting CXX compile features - done
-- C++ Standard: 20
-- Build Type: Release
-- Performing Test CMAKE_HAVE_LIBC_PTHREAD
-- Performing Test CMAKE_HAVE_LIBC_PTHREAD - Success
-- Found Threads: TRUE
-- Skipping tests
-- Building benchmarks
-- Configuring done (0.8s)
-- Generating done (0.0s)
-- Build files have been written to: /home/mds222/SAM-HPC/build
[ 10%] Building CXX object benchmarks/CMakeFiles/top_opt_bench.dir/topology_benchmark.cpp.o
In file included from /home/mds222/SAM-HPC/benchmarks/topology_benchmark.cpp:12:
/home/mds222/SAM-HPC/relaxation/../relaxation/include/iluk.hpp:108:42: error: use of undeclared identifier 'i'
  108 |         std::cout << "Finishing row " << i << std::endl;
      |                                          ^
1 error generated.
gmake[2]: *** [benchmarks/CMakeFiles/top_opt_bench.dir/build.make:79: benchmarks/CMakeFiles/top_opt_bench.dir/topology_benchmark.cpp.o] Error 1
gmake[1]: *** [CMakeFiles/Makefile2:387: benchmarks/CMakeFiles/top_opt_bench.dir/all] Error 2
gmake: *** [Makefile:91: all] Error 2
Starting Topology Optimization Benchmark
Results will be saved to: top_opt_results_2025-08-26_22-12-53.txt
Building SAM HPC...
-- The CXX compiler identification is Clang 18.1.8
-- Detecting CXX compiler ABI info
-- Detecting CXX compiler ABI info - done
-- Check for working CXX compiler: /usr/bin/clang++-18 - skipped
-- Detecting CXX compile features
-- Detecting CXX compile features - done
-- C++ Standard: 20
-- Build Type: Release
-- Performing Test CMAKE_HAVE_LIBC_PTHREAD
-- Performing Test CMAKE_HAVE_LIBC_PTHREAD - Success
-- Found Threads: TRUE
-- Skipping tests
-- Building benchmarks
-- Configuring done (0.8s)
-- Generating done (0.0s)
-- Build files have been written to: /home/mds222/SAM-HPC/build
[ 10%] Building CXX object benchmarks/CMakeFiles/top_opt_bench.dir/topology_benchmark.cpp.o
[ 20%] Linking CXX executable top_opt_bench
[ 20%] Built target top_opt_bench
[ 30%] Building CXX object benchmarks/CMakeFiles/weather_bench.dir/weather_benchmark.cpp.o
[ 40%] Linking CXX executable weather_bench
[ 40%] Built target weather_bench
[ 50%] Building CXX object benchmarks/qr_bench/CMakeFiles/qr_bench.dir/run_qr_bench.cpp.o
[ 60%] Linking CXX executable qr_bench
[ 60%] Built target qr_bench
[ 70%] Building CXX object benchmarks/microbench/CMakeFiles/microbench.dir/run_microbench.cpp.o
[ 80%] Linking CXX executable microbench
[ 80%] Built target microbench
[ 90%] Building CXX object benchmarks/microbench/CMakeFiles/threshold_benchmark.dir/run_threshold_benchmark.cpp.o
[100%] Linking CXX executable threshold_benchmark
[100%] Built target threshold_benchmark
Running with 64 threads...
./run_benchmark.sh: line 39: 3883914 Killed                  "$BENCHMARK_EXE" -n "sam with solver benchmark" -x "$MATRIX_DIR" -y "$RHS_DIR" -k "$K" -t "$THREAD" >> "$OUTPUT_FILE"
Starting Topology Optimization Benchmark
Results will be saved to: top_opt_results_2025-08-26_22-16-28.txt
Building SAM HPC...
-- The CXX compiler identification is Clang 18.1.8
-- Detecting CXX compiler ABI info
-- Detecting CXX compiler ABI info - done
-- Check for working CXX compiler: /usr/bin/clang++-18 - skipped
-- Detecting CXX compile features
-- Detecting CXX compile features - done
-- C++ Standard: 20
-- Build Type: Release
-- Performing Test CMAKE_HAVE_LIBC_PTHREAD
-- Performing Test CMAKE_HAVE_LIBC_PTHREAD - Success
-- Found Threads: TRUE
-- Skipping tests
-- Building benchmarks
-- Configuring done (0.8s)
-- Generating done (0.0s)
-- Build files have been written to: /home/mds222/SAM-HPC/build
[ 10%] Building CXX object benchmarks/CMakeFiles/top_opt_bench.dir/topology_benchmark.cpp.o
[ 20%] Linking CXX executable top_opt_bench
[ 20%] Built target top_opt_bench
[ 30%] Building CXX object benchmarks/CMakeFiles/weather_bench.dir/weather_benchmark.cpp.o
[ 40%] Linking CXX executable weather_bench
[ 40%] Built target weather_bench
[ 50%] Building CXX object benchmarks/qr_bench/CMakeFiles/qr_bench.dir/run_qr_bench.cpp.o
[ 60%] Linking CXX executable qr_bench
[ 60%] Built target qr_bench
[ 70%] Building CXX object benchmarks/microbench/CMakeFiles/microbench.dir/run_microbench.cpp.o
[ 80%] Linking CXX executable microbench
[ 80%] Built target microbench
[ 90%] Building CXX object benchmarks/microbench/CMakeFiles/threshold_benchmark.dir/run_threshold_benchmark.cpp.o
[100%] Linking CXX executable threshold_benchmark
[100%] Built target threshold_benchmark
Running with 64 threads...
./run_benchmark.sh: line 39: 3884890 Killed                  "$BENCHMARK_EXE" -n "sam with solver benchmark" -x "$MATRIX_DIR" -y "$RHS_DIR" -k "$K" -t "$THREAD" >> "$OUTPUT_FILE"
Starting Topology Optimization Benchmark
Results will be saved to: top_opt_results_2025-08-26_22-47-53.txt
Building SAM HPC...
-- The CXX compiler identification is Clang 18.1.8
-- Detecting CXX compiler ABI info
-- Detecting CXX compiler ABI info - done
-- Check for working CXX compiler: /usr/bin/clang++-18 - skipped
-- Detecting CXX compile features
-- Detecting CXX compile features - done
-- C++ Standard: 20
-- Build Type: Release
-- Performing Test CMAKE_HAVE_LIBC_PTHREAD
-- Performing Test CMAKE_HAVE_LIBC_PTHREAD - Success
-- Found Threads: TRUE
-- Skipping tests
-- Building benchmarks
-- Configuring done (0.8s)
-- Generating done (0.0s)
-- Build files have been written to: /home/mds222/SAM-HPC/build
[ 10%] Building CXX object benchmarks/CMakeFiles/top_opt_bench.dir/topology_benchmark.cpp.o
[ 20%] Linking CXX executable top_opt_bench
[ 20%] Built target top_opt_bench
[ 30%] Building CXX object benchmarks/CMakeFiles/weather_bench.dir/weather_benchmark.cpp.o
[ 40%] Linking CXX executable weather_bench
[ 40%] Built target weather_bench
[ 50%] Building CXX object benchmarks/qr_bench/CMakeFiles/qr_bench.dir/run_qr_bench.cpp.o
[ 60%] Linking CXX executable qr_bench
[ 60%] Built target qr_bench
[ 70%] Building CXX object benchmarks/microbench/CMakeFiles/microbench.dir/run_microbench.cpp.o
[ 80%] Linking CXX executable microbench
[ 80%] Built target microbench
[ 90%] Building CXX object benchmarks/microbench/CMakeFiles/threshold_benchmark.dir/run_threshold_benchmark.cpp.o
[100%] Linking CXX executable threshold_benchmark
[100%] Built target threshold_benchmark
Running with 64 threads...
./run_benchmark.sh: line 39: 3894245 Killed                  "$BENCHMARK_EXE" -n "sam with solver benchmark" -x "$MATRIX_DIR" -y "$RHS_DIR" -k "$K" -t "$THREAD" >> "$OUTPUT_FILE"
Starting Topology Optimization Benchmark
Results will be saved to: top_opt_results_2025-08-27_01-03-37.txt
Building SAM HPC...
-- The CXX compiler identification is Clang 18.1.8
-- Detecting CXX compiler ABI info
-- Detecting CXX compiler ABI info - done
-- Check for working CXX compiler: /usr/bin/clang++-18 - skipped
-- Detecting CXX compile features
-- Detecting CXX compile features - done
-- C++ Standard: 20
-- Build Type: Release
-- Performing Test CMAKE_HAVE_LIBC_PTHREAD
-- Performing Test CMAKE_HAVE_LIBC_PTHREAD - Success
-- Found Threads: TRUE
-- Skipping tests
-- Building benchmarks
-- Configuring done (0.8s)
-- Generating done (0.0s)
-- Build files have been written to: /home/mds222/SAM-HPC/build
[ 10%] Building CXX object benchmarks/CMakeFiles/top_opt_bench.dir/topology_benchmark.cpp.o
[ 20%] Linking CXX executable top_opt_bench
[ 20%] Built target top_opt_bench
[ 30%] Building CXX object benchmarks/CMakeFiles/weather_bench.dir/weather_benchmark.cpp.o
[ 40%] Linking CXX executable weather_bench
[ 40%] Built target weather_bench
[ 50%] Building CXX object benchmarks/qr_bench/CMakeFiles/qr_bench.dir/run_qr_bench.cpp.o
[ 60%] Linking CXX executable qr_bench
[ 60%] Built target qr_bench
[ 70%] Building CXX object benchmarks/microbench/CMakeFiles/microbench.dir/run_microbench.cpp.o
[ 80%] Linking CXX executable microbench
[ 80%] Built target microbench
[ 90%] Building CXX object benchmarks/microbench/CMakeFiles/threshold_benchmark.dir/run_threshold_benchmark.cpp.o
[100%] Linking CXX executable threshold_benchmark
[100%] Built target threshold_benchmark
Running with 64 threads...
